22:56:58 **** Incremental Build of configuration Debug for project STM32F103C8T6 ****
make -j12 all 
arm-none-eabi-gcc "../Core/Src/fsm.c" -mcpu=cortex-m3 -std=gnu11 -g3 -DDEBUG -DUSE_HAL_DRIVER -DSTM32F103xB -c -I../Core/Inc -I../Drivers/STM32F1xx_HAL_Driver/Inc -I../Drivers/STM32F1xx_HAL_Driver/Inc/Legacy -I../Drivers/CMSIS/Device/ST/STM32F1xx/Include -I../Drivers/CMSIS/Include -O0 -ffunction-sections -fdata-sections -Wall -fstack-usage -MMD -MP -MF"Core/Src/fsm.d" -MT"Core/Src/fsm.o" --specs=nano.specs -mfloat-abi=soft -mthumb -o "Core/Src/fsm.o"
arm-none-eabi-gcc -o "STM32F103C8T6.elf" @"objects.list"   -mcpu=cortex-m3 -T"C:\Users\PC\Desktop\test\STM32F103C8T6\STM32F103C8TX_FLASH.ld" --specs=nosys.specs -Wl,-Map="STM32F103C8T6.map" -Wl,--gc-sections -static --specs=nano.specs -mfloat-abi=soft -mthumb -Wl,--start-group -lc -lm -Wl,--end-group
Finished building target: STM32F103C8T6.elf
 
arm-none-eabi-size   STM32F103C8T6.elf 
arm-none-eabi-objdump -h -S  STM32F103C8T6.elf  > "STM32F103C8T6.list"
arm-none-eabi-objcopy  -O ihex  STM32F103C8T6.elf  "STM32F103C8T6.hex"
arm-none-eabi-objcopy  -O binary  STM32F103C8T6.elf  "STM32F103C8T6.bin"
   text	   data	    bss	    dec	    hex	filename
  10072	     32	   1744	  11848	   2e48	STM32F103C8T6.elf
Finished building: default.size.stdout
 
Finished building: STM32F103C8T6.hex
Finished building: STM32F103C8T6.bin
 
 
Finished building: STM32F103C8T6.list
 

22:56:58 Build Finished. 0 errors, 0 warnings. (took 710ms)

